


ARM Macro Assembler    Page 1 


    1 00000000         
    2 00000000                 AREA             MYCODE, CODE, READONLY
    3 00000000                 ENTRY
    4 00000000                 EXPORT           __main
    5 00000000         
    6 00000000 00000001 
              00000002 
              00000003 
              00000004 
              00000005 st      DCD              1, 2, 3, 4, 5
    7 00000014         
    8 00000014         __main
    9 00000014 4905            LDR              R1, =st
   10 00000016 F04F 0304       LDR              R3, =4
   11 0000001A 680A            LDR              R2, [R1]
   12 0000001C 58CA            LDR              R2, [R1, R3]
   13 0000001E 684A            LDR              R2, [R1, #4]
   14 00000020 F8DF 800C       LDR              R8, =0x8000300
   15 00000024         
   16 00000024 4803            LDR              R0, =0xABCDABCD
   17 00000026 4904            LDR              R1, =0x2000100
   18 00000028 6008            STR              R0, [R1]
   19 0000002A         
   20 0000002A E7FE    STOP    B                STOP
   21 0000002C                 END
              00000000 
              08000300 
              ABCDABCD 
              02000100 
Command Line: --debug --xref --diag_suppress=9931 --cpu=Cortex-M3 --apcs=interw
ork --depend=.\objects\loadldr_storestr.d -o.\objects\loadldr_storestr.o -I.\RT
E\Device\STM32F103C8 -I.\RTE\_Target_1 -IC:\Users\DELL\AppData\Local\Arm\Packs\
ARM\CMSIS\5.6.0\CMSIS\Core\Include -IC:\Users\DELL\AppData\Local\Arm\Packs\Keil
\STM32F1xx_DFP\2.4.1\Device\Include --predefine="__MICROLIB SETA 1" --predefine
="__UVISION_VERSION SETA 529" --predefine="_RTE_ SETA 1" --predefine="STM32F10X
_MD SETA 1" --list=.\listings\loadldr_storestr.lst LoadLDR_StoreSTR.s



ARM Macro Assembler    Page 1 Alphabetic symbol ordering
Relocatable symbols

MYCODE 00000000

Symbol: MYCODE
   Definitions
      At line 2 in file LoadLDR_StoreSTR.s
   Uses
      None
Comment: MYCODE unused
STOP 0000002A

Symbol: STOP
   Definitions
      At line 20 in file LoadLDR_StoreSTR.s
   Uses
      At line 20 in file LoadLDR_StoreSTR.s
Comment: STOP used once
__main 00000014

Symbol: __main
   Definitions
      At line 8 in file LoadLDR_StoreSTR.s
   Uses
      At line 4 in file LoadLDR_StoreSTR.s
Comment: __main used once
st 00000000

Symbol: st
   Definitions
      At line 6 in file LoadLDR_StoreSTR.s
   Uses
      At line 9 in file LoadLDR_StoreSTR.s
Comment: st used once
4 symbols
340 symbols in table
