


ARM Macro Assembler    Page 1 


    1 00000000         
    2 00000000                 AREA             MYDATA, DATA, READWRITE
    3 00000000 00000203 
                       BASE    EQU              0x203
    4 00000000 48 65 6C 
              6C 6F 64 
              63 75 6F 
              6E 67 00 Hello   DCB              "Hellodcuong", 0
    5 0000000C 02 03 04 
              05       VarByte DCB              2,3,4,5
    6 00000010 00000002 
              00000064 
              FFFFFF9C Var32   DCD              2,100,-100
    7 0000001C 64 00 2C 
              01 14 00 Var16   DCW              100,300,20
    8 00000022 00 00 00 
              00 00 00 
              00 00 00 
              00 00 00 
              00 00 00 
              00 00 00 
              00 00 00 
              00 00 00 
              00 00 00 
              00 00 00 
              00 00 00 
              00 00 00 
              00 00 00 
              00 00 00 
              00 00 00 
              00 00 00 
              00 00 00 
              00 00 00 
              00 00 00 
              00 00 00 
              00 00 00 
              00 00 00 
              00 00 00 
              00 00 00 
              00 00 00 
              00 00 00 
              00 00 00 
              00 00 00 
              00 00 00 
              00 00 00 
              00 00 00 
              00 00 00 
              00 00 00 
              00 00 00 
              00 00 00 
              00 00 00 
              00 00 00 
              00 00 00 
              00 00 00 
              00 00 00 
              00 00 00 
              00 00 00 
              00 00 00 
              00 00 00 



ARM Macro Assembler    Page 2 


              00 00 00 
              00 00 00 
              00 00 00 
              00 00 00 
              00 00 00 
              00 00 00 
              00 00 00 
              00 00 00 
              00 00 00 
              00 00 00 
              00 00 00 
              00 00 00 
              00 00 00 
              00 00 00 
              00 00 00 
              00 00 00 
              00 00 00 
              00 00 00 
              00 00 00 
              00 00 00 
              00 00 00 
              00 00 00 
              00 00    p       SPACE            200
    9 000000EA FF FF FF 
              FF FF FF 
              FF FF FF 
              FF FF FF 
              FF FF FF 
              FF FF FF 
              FF FF    f       FILL             20,0xFF,1
   10 000000FE 54      Bin     DCB              2_01010100
   11 000000FF 48      A       DCB              0x48        ; ho?c 'H'
   12 00000100 41      CH      DCB              'A'
   13 00000101         
   14 00000101                 AREA             MYCODE, CODE, READONLY
   15 00000000                 ENTRY
   16 00000000                 EXPORT           __main
   17 00000000         
   18 00000000         __main
   19 00000000 F04F 010A       MOV              R1, #10
   20 00000004 F04F 0202       MOV              R2, #2
   21 00000008 F04F 0301       MOV              R3, #1
   22 0000000C         
   23 0000000C         ; Tru
   24 0000000C F1A1 0105       SUB              R1, #5      ; R1 = R1 -5
   25 00000010 EBA1 0102       SUB              R1, R2      ; R1 = R1 - R2
   26 00000014 1AD1            SUBS             R1,R2,R3    ; R1 = R2 - R3   SU
                                                            BS
   27 00000016         
   28 00000016         ; Nhaan
   29 00000016 FB01 F102       MUL              R1,R2       ; R1 = R1 x R2
   30 0000001A FB02 F103       MUL              R1,R2,R3    ; R1 = R2 x R3
   31 0000001E         
   32 0000001E         ; Nhan to hop
   33 0000001E FB02 4103       MLA              R1,R2,R3,R4 ; R1 = (R2xR3) + R4
                                                            
   34 00000022 FB02 4113       MLS              R1,R2,R3,R4 ; R1 = R4 - (R2xR3)
                                                            
   35 00000026 F1C2 0103       RSB              R1,R2,#3    ; R1 = -R2 + 3



ARM Macro Assembler    Page 3 


   36 0000002A E7FE    STOP    B                STOP
   37 0000002C                 END
Command Line: --debug --xref --diag_suppress=9931 --cpu=Cortex-M3 --apcs=interw
ork --depend=.\objects\variable_sub_mul.d -o.\objects\variable_sub_mul.o -I.\RT
E\Device\STM32F103C8 -I.\RTE\_Target_1 -IC:\Users\DELL\AppData\Local\Arm\Packs\
ARM\CMSIS\5.6.0\CMSIS\Core\Include -IC:\Users\DELL\AppData\Local\Arm\Packs\Keil
\STM32F1xx_DFP\2.4.1\Device\Include --predefine="__MICROLIB SETA 1" --predefine
="__UVISION_VERSION SETA 529" --predefine="_RTE_ SETA 1" --predefine="STM32F10X
_MD SETA 1" --list=.\listings\variable_sub_mul.lst Variable_SUB_MUL.s



ARM Macro Assembler    Page 1 Alphabetic symbol ordering
Relocatable symbols

A 000000FF

Symbol: A
   Definitions
      At line 11 in file Variable_SUB_MUL.s
   Uses
      None
Comment: A unused
Bin 000000FE

Symbol: Bin
   Definitions
      At line 10 in file Variable_SUB_MUL.s
   Uses
      None
Comment: Bin unused
CH 00000100

Symbol: CH
   Definitions
      At line 12 in file Variable_SUB_MUL.s
   Uses
      None
Comment: CH unused
Hello 00000000

Symbol: Hello
   Definitions
      At line 4 in file Variable_SUB_MUL.s
   Uses
      None
Comment: Hello unused
MYDATA 00000000

Symbol: MYDATA
   Definitions
      At line 2 in file Variable_SUB_MUL.s
   Uses
      None
Comment: MYDATA unused
Var16 0000001C

Symbol: Var16
   Definitions
      At line 7 in file Variable_SUB_MUL.s
   Uses
      None
Comment: Var16 unused
Var32 00000010

Symbol: Var32
   Definitions
      At line 6 in file Variable_SUB_MUL.s
   Uses
      None
Comment: Var32 unused
VarByte 0000000C

Symbol: VarByte



ARM Macro Assembler    Page 2 Alphabetic symbol ordering
Relocatable symbols

   Definitions
      At line 5 in file Variable_SUB_MUL.s
   Uses
      None
Comment: VarByte unused
f 000000EA

Symbol: f
   Definitions
      At line 9 in file Variable_SUB_MUL.s
   Uses
      None
Comment: f unused
p 00000022

Symbol: p
   Definitions
      At line 8 in file Variable_SUB_MUL.s
   Uses
      None
Comment: p unused
10 symbols



ARM Macro Assembler    Page 1 Alphabetic symbol ordering
Relocatable symbols

MYCODE 00000000

Symbol: MYCODE
   Definitions
      At line 14 in file Variable_SUB_MUL.s
   Uses
      None
Comment: MYCODE unused
STOP 0000002A

Symbol: STOP
   Definitions
      At line 36 in file Variable_SUB_MUL.s
   Uses
      At line 36 in file Variable_SUB_MUL.s
Comment: STOP used once
__main 00000000

Symbol: __main
   Definitions
      At line 18 in file Variable_SUB_MUL.s
   Uses
      At line 16 in file Variable_SUB_MUL.s
Comment: __main used once
3 symbols



ARM Macro Assembler    Page 1 Alphabetic symbol ordering
Absolute symbols

BASE 00000203

Symbol: BASE
   Definitions
      At line 3 in file Variable_SUB_MUL.s
   Uses
      None
Comment: BASE unused
1 symbol
348 symbols in table
